---
source: crates/buff-jobs/tests/core.rs
assertion_line: 292
expression: "format!(\"{}|{}|{}\", Backoff::fixed(Duration::from_secs(1)),\nBackoff::linear(Duration::from_secs(1)),\nBackoff::exponential(Duration::from_secs(1), Duration::from_secs(60)))"
---
Backoff.fixed(1s)|Backoff.linear(1s)|Backoff.exponential(1s, max=60s)
