# Expected output from `buff check examples/use-cases/csv_analyzer.buff`
#
# Analysis based on the check.rs pipeline (lex → parse → TypeInferencer → naming_lint)
# and prelude_types.rs / import resolution.
#
# STATUS: FAIL — import cannot be resolved (DataFrame is a framework crate, not a prelude type)
#
# What the file exercises:
#   - `import DataFrame from buff.dataframe` (framework crate import)
#   - `import AggOp from buff.dataframe` (enum import)
#   - DataFrame API: from_csv, column_names, len, ncols, select, filter,
#     sort, head, group_by(...).agg(...), to_table_string
#   - AggOp enum variants: Mean, Sum, Count
#   - Series accessors: get_column, as_float_slice
#   - Closures in filter: { row => row.get_float("amount") >= 50.0 }
#   - String formatting: "{value:.2}", "{col:>10}"
#
# What buff check would report:
#   Lex:     OK (all tokens valid)
#   Parse:   OK (all syntax valid)
#   Modules: FAIL — "import DataFrame from buff.dataframe" cannot resolve
#            (buff-dataframe is a framework crate, not registered as an import target)
#   Types:   Skipped (module resolution failed)
#   Lint:    Skipped (module resolution failed)
#   Overall: FAIL (import resolution error)
#
# If imports were resolved, the type-level analysis would report:
#   - DataFrame.from_csv(path:) → DataFrame (registered assoc fn)
#   - df.len() → Int (instance method, Unknown if not registered)
#   - df.column_names() → Vector<String>
#   - df.filter(predicate:), df.select(cols:), etc. → DataFrame (chained)
#   - df.group_by(col:).agg(col:, op:) → DataFrame
#   - series.as_float_slice() → Vector<Double>
#
# This file is a FORWARD-DECLARED specification of the intended user surface.
# It feeds the T8 + T9 framework-codegen tasks and is NOT expected to pass
# buff check until buff-dataframe's import path is registered.
