# Expected output from `buff check examples/use-cases/file_processor.buff`
#
# Analysis based on the check.rs pipeline (lex → parse → TypeInferencer → naming_lint)
# and prelude_types.rs registry.
#
# STATUS: PASS (with Unknown type warnings for unregistered methods)
#
# What the file exercises:
#   - extern "C" from "std::fs" bindings (forward-declared, needs Cargo project to link)
#   - String methods: split(separator:), trim(), len(), push(), join(separator:), get_or()
#   - Vector<T>: push(), len(), join()
#   - Map<K,V>: get_or(key, default:)
#   - Result<T,E> + ? operator + Ok/Err matching
#   - String interpolation: "{index:03d} [{bucket:>6}] {line}"
#
# What buff check would report:
#   Lex:     OK (all tokens valid)
#   Parse:   OK (all syntax valid, offside-rule blocks correctly indented)
#   Types:   Many Unknown from unregistered instance methods, but NO hard errors
#            - text.split(separator: "\n")       → Unknown (String.split not in registry)
#            - line.trim()                       → Unknown (String.trim not in registry)
#            - trimmed.len()                     → Unknown (String.len not in registry)
#            - out.push(trimmed)                 → Unknown (Vector.push not in registry)
#            - body.join(separator: "\n")        → Unknown (Vector.join not in registry)
#            - counts.get_or(bucket, default: 0) → Unknown (Map.get_or not in registry)
#   Lint:    May flag unused bindings or shadowing (name convention warnings)
#   Overall: PASS (permissive type inference allows Unknown types through)
#
# Note: buff check cannot verify end-to-end execution because:
#   1. extern bindings need Cargo project linking
#   2. Instance methods (len, push, trim, etc.) are NOT registered in prelude_types.rs
#   3. This is a FORWARD-DECLARED example (see file header comment)
#
# Deterministic demo output (if buff run could link extern):
#   processed 4 non-blank lines
#   001 [ short] hello world
#   002 [medium] this is a medium length line for testing
#   003 [ short] x
#   004 [  long] a much longer line that should definitely be classified as long by the bucket heuristic above
#   --- summary ---
#   total lines: 4
#    empty: 0
#    short: 2
#   medium: 1
#    long: 1
#   skipped file round-trip: No such file or directory (os error 2)
