=== Generic Container Demo ===
--- Stack<Int> ---
size after 3 pushes: 3
peek (top): Some(30)
pop: Some(30)
is_empty: false

--- Queue<String> ---
size after 3 pushes: 3
dequeue: Some(a)
dequeue: Some(b)
peek (front): Some(c)

--- bounded generic helpers ---
drained copy: [1, 2, 3]
first_or (non-empty): 7
first_or (empty -> default): 0
measure<Stack>: 3
identity<Int>: 42
identity<String>: ok
pair: first=1, second=two

=== done ===
