=== Generic Container Demo ===
--- Stack<Int> ---
len after 3 pushes: 3
peek (top): Just(30)
pop: Just(30)
is_empty: false

--- Queue<String> ---
len after enqueue: 4
dequeue: Just(a)
dequeue: Just(b)
peek (front): Just(c)

--- bounded generic helpers ---
drained LIFO: [3, 2, 1]
first_or (empty → default): 0

=== done ===
