=== Structured Logger Demo ===

--- basic logging (min=Info) ---
[INFO] app.main: server started on port 8080
[WARN] app.main: memory usage at 82%
[ERROR] app.main: connection refused to database
total entries stored: 3

--- debug logging (min=Debug) ---
[DEBUG] app.debug: entering handle_request()
[INFO] app.debug: processing 42 items
[WARN] app.debug: retry attempt 2/3
[ERROR] app.debug: timeout after 30s

--- JSON output ---
{"level":"INFO","module":"app.json","msg":"user login","ts":"t=1"}
{"level":"WARN","module":"app.json","msg":"deprecated API call","ts":"t=2"}
{"level":"ERROR","module":"app.json","msg":"payment failed","ts":"t=3"}

--- level counts ---
DEBUG: 2
INFO: 1
WARN: 1
ERROR: 2

--- multi-module ---
[INFO] auth: token validated
[WARN] auth: expired token presented
[WARN] db: slow query: 2.3s
[INFO] api: GET /users/42
[ERROR] api: POST /orders: 500

--- filtering stored entries ---
warnings+: 3 of 6

=== done ===