---
source: crates/buff-lang-codegen-rust/tests/networking_codegen.rs
assertion_line: 1053
expression: src
---
fn f() {
    let c: Option<tokio::net::TcpStream> = tokio::net::TcpStream::connect(
            format!("{}:{}", "127.0.0.1".to_string(), 8080),
        )
        .await
        .ok();
    {
        use tokio::io::AsyncWriteExt;
        if let Some(mut s) = c {
            s.shutdown().await.ok();
        }
    };
}
