---
source: crates/buff-lang-codegen-rust/tests/networking_codegen.rs
assertion_line: 1044
expression: src
---
fn f() {
    let c: Option<tokio::net::TcpStream> = tokio::net::TcpStream::connect(
            format!("{}:{}", "127.0.0.1".to_string(), 8080),
        )
        .await
        .ok();
    {
        use tokio::io::AsyncReadExt;
        let mut buf: Vec<u8> = Vec::new();
        if let Some(mut s) = c {
            let _ = s.read(&mut buf).await;
        }
        buf
    };
}
