---
source: crates/buff-lang-codegen-rust/tests/process_codegen.rs
assertion_line: 721
expression: src
---
fn f() {
    let p: Option<std::process::Child> = std::process::Command::new("ls".to_string())
        .args(vec![])
        .spawn()
        .ok();
    p.map(|c| c.id() as i64).unwrap_or_default();
}
