---
source: crates/buff-lang-codegen-rust/tests/regex_codegen.rs
assertion_line: 546
expression: src
---
fn f() {
    let r: regex::Regex = regex::Regex::new("\\d+".to_string())
        .unwrap_or_else(|_| regex::Regex::new("a^").unwrap());
    if r.is_match("abc123".to_string()) {
        Some("abc123".to_string().to_string())
    } else {
        None
    };
}
