---
source: crates/buff-lang-codegen-rust/tests/regex_codegen.rs
assertion_line: 628
expression: src
---
fn main() {
    let r: regex::Regex = regex::Regex::new("\\d".to_string())
        .unwrap_or_else(|_| regex::Regex::new("a^").unwrap());
    if r.is_match("abc".to_string()) {
        Some("abc".to_string().to_string())
    } else {
        None
    };
    r.clone().find("a1b2".to_string()).map(|m| m.as_str().to_string());
    r.clone().replace_all("a1b2".to_string(), "X".to_string()).to_string();
    {
        let __buff_caps = r.clone().captures("a1".to_string());
        let mut __buff_map: std::collections::HashMap<String, String> = std::collections::HashMap::new();
        if let Some(__buff_c) = __buff_caps {
            for (__buff_i, __buff_opt) in __buff_c.iter().enumerate() {
                if let Some(__buff_m) = __buff_opt {
                    __buff_map
                        .insert(__buff_i.to_string(), __buff_m.as_str().to_string());
                }
            }
            for __buff_name in r.clone().capture_names().flatten() {
                if let Some(__buff_m) = __buff_c.name(__buff_name) {
                    __buff_map
                        .insert(__buff_name.to_string(), __buff_m.as_str().to_string());
                }
            }
        }
        __buff_map
    };
    {
        if let Ok(__buff_contents) = std::fs::read_to_string(".env") {
            for __buff_line in __buff_contents.lines() {
                let __buff_line = __buff_line.trim();
                if __buff_line.is_empty() || __buff_line.starts_with('#') {
                    continue;
                }
                if let Some((__buff_key, __buff_val)) = __buff_line.split_once('=') {
                    let __buff_k = __buff_key.trim().to_string();
                    let __buff_v = __buff_val.trim().to_string();
                    if !__buff_k.is_empty() && std::env::var(&__buff_k).is_err() {
                        unsafe {
                            std::env::set_var(&__buff_k, &__buff_v);
                        }
                    }
                }
            }
        }
    }
}
