---
source: crates/buff-lang-codegen-rust/tests/system_codegen.rs
assertion_line: 735
expression: src
---
fn f() {
    {
        let mut __buff_prelude_line = String::new();
        std::io::stdin().read_line(&mut __buff_prelude_line).ok();
        __buff_prelude_line.trim_end().to_string()
    };
}
